// Jest Snapshot v1, https://goo.gl/fbAQLP

exports[`MarginlyFactory should create pool 1`] = `
Object {
  "calldataByteLength": 356,
  "gasUsed": 396354,
}
`;
